Traceback (most recent call last):
  File "/Users/suhani/amli-wayback/capture.py", line 170, in capture_url
    (out_dir / "page.html").write_text(html, encoding="utf-8")
    ~~~~~~~~~~~~~~~~~~~~~~~~~~~~~~~~~~^^^^^^^^^^^^^^^^^^^^^^^^
  File "/Library/Frameworks/Python.framework/Versions/3.14/lib/python3.14/pathlib/__init__.py", line 809, in write_text
    with self.open(mode='w', encoding=encoding, errors=errors, newline=newline) as f:
         ~~~~~~~~~^^^^^^^^^^^^^^^^^^^^^^^^^^^^^^^^^^^^^^^^^^^^^^^^^^^^^^^^^^^^^
  File "/Library/Frameworks/Python.framework/Versions/3.14/lib/python3.14/pathlib/__init__.py", line 771, in open
    return io.open(self, mode, buffering, encoding, errors, newline)
           ~~~~~~~^^^^^^^^^^^^^^^^^^^^^^^^^^^^^^^^^^^^^^^^^^^^^^^^^^
FileNotFoundError: [Errno 2] No such file or directory: '/Users/suhani/amli-wayback/archive/neouat.axismaxlife.com_health-insurance-plans/2026-07-16_15-45/page.html'

During handling of the above exception, another exception occurred:

Traceback (most recent call last):
  File "/Users/suhani/amli-wayback/capture.py", line 206, in <module>
    main()
    ~~~~^^
  File "/Users/suhani/amli-wayback/capture.py", line 198, in main
    capture_url(page, url)
    ~~~~~~~~~~~^^^^^^^^^^^
  File "/Users/suhani/amli-wayback/capture.py", line 185, in capture_url
    (out_dir / "error.txt").write_text(
    ~~~~~~~~~~~~~~~~~~~~~~~~~~~~~~~~~~^
        f"{datetime.now(IST).isoformat()} - {e}", encoding="utf-8"
        ^^^^^^^^^^^^^^^^^^^^^^^^^^^^^^^^^^^^^^^^^^^^^^^^^^^^^^^^^^
    )
    ^
  File "/Library/Frameworks/Python.framework/Versions/3.14/lib/python3.14/pathlib/__init__.py", line 809, in write_text
    with self.open(mode='w', encoding=encoding, errors=errors, newline=newline) as f:
         ~~~~~~~~~^^^^^^^^^^^^^^^^^^^^^^^^^^^^^^^^^^^^^^^^^^^^^^^^^^^^^^^^^^^^^
  File "/Library/Frameworks/Python.framework/Versions/3.14/lib/python3.14/pathlib/__init__.py", line 771, in open
    return io.open(self, mode, buffering, encoding, errors, newline)
           ~~~~~~~^^^^^^^^^^^^^^^^^^^^^^^^^^^^^^^^^^^^^^^^^^^^^^^^^^
FileNotFoundError: [Errno 2] No such file or directory: '/Users/suhani/amli-wayback/archive/neouat.axismaxlife.com_health-insurance-plans/2026-07-16_15-45/error.txt'
Traceback (most recent call last):
  File "/Users/suhani/amli-wayback/capture.py", line 206, in <module>
    main()
    ~~~~^^
  File "/Users/suhani/amli-wayback/capture.py", line 194, in main
    browser = p.chromium.launch()
  File "/Users/suhani/amli-wayback/venv/lib/python3.14/site-packages/playwright/sync_api/_generated.py", line 16515, in launch
    self._sync(
    ~~~~~~~~~~^
        self._impl_obj.launch(
        ^^^^^^^^^^^^^^^^^^^^^^
    ...<17 lines>...
        )
        ^
    )
    ^
  File "/Users/suhani/amli-wayback/venv/lib/python3.14/site-packages/playwright/_impl/_sync_base.py", line 115, in _sync
    return task.result()
           ~~~~~~~~~~~^^
  File "/Users/suhani/amli-wayback/venv/lib/python3.14/site-packages/playwright/_impl/_browser_type.py", line 97, in launch
    await self._channel.send(
        "launch", TimeoutSettings.launch_timeout, params
    )
  File "/Users/suhani/amli-wayback/venv/lib/python3.14/site-packages/playwright/_impl/_connection.py", line 69, in send
    return await self._connection.wrap_api_call(
           ^^^^^^^^^^^^^^^^^^^^^^^^^^^^^^^^^^^^^
    ...<3 lines>...
    )
    ^
  File "/Users/suhani/amli-wayback/venv/lib/python3.14/site-packages/playwright/_impl/_connection.py", line 563, in wrap_api_call
    raise rewrite_error(error, f"{parsed_st['apiName']}: {error}") from None
playwright._impl._errors.TimeoutError: BrowserType.launch: Timeout 180000ms exceeded.
Call log:
  - <launching> /Users/suhani/Library/Caches/ms-playwright/chromium_headless_shell-1228/chrome-headless-shell-mac-x64/chrome-headless-shell --disable-field-trial-config --disable-background-networking --disable-background-timer-throttling --disable-backgrounding-occluded-windows --disable-back-forward-cache --disable-breakpad --disable-client-side-phishing-detection --disable-component-extensions-with-background-pages --disable-component-update --no-default-browser-check --disable-default-apps --disable-dev-shm-usage --disable-edgeupdater --disable-extensions --disable-features=AvoidUnnecessaryBeforeUnloadCheckSync,BoundaryEventDispatchTracksNodeRemoval,DestroyProfileOnBrowserClose,DialMediaRouteProvider,GlobalMediaControls,HttpsUpgrades,LensOverlay,MediaRouter,PaintHolding,ThirdPartyStoragePartitioning,Translate,AutoDeElevate,RenderDocument,OptimizationHints,msForceBrowserSignIn,msEdgeUpdateLaunchServicesPreferredVersion --enable-features=CDPScreenshotNewSurface --allow-pre-commit-input --disable-hang-monitor --disable-ipc-flooding-protection --disable-popup-blocking --disable-prompt-on-repost --disable-renderer-backgrounding --force-color-profile=srgb --metrics-recording-only --no-first-run --password-store=basic --use-mock-keychain --no-service-autorun --export-tagged-pdf --disable-search-engine-choice-screen --unsafely-disable-devtools-self-xss-warnings --edge-skip-compat-layer-relaunch --disable-infobars --disable-search-engine-choice-screen --disable-sync --enable-unsafe-swiftshader --headless --hide-scrollbars --mute-audio --blink-settings=primaryHoverType=2,availableHoverTypes=2,primaryPointerType=4,availablePointerTypes=4 --no-sandbox --user-data-dir=/var/folders/hb/58yjqjd93csb4jkrlmh132_00000gp/T/playwright_chromiumdev_profile-sS38g5 --remote-debugging-pipe --no-startup-window
  - <launched> pid=1867

